// Jest Snapshot v1, https://goo.gl/fbAQLP

exports[`process compiles fink 1`] = `
Object {
  "code": "const foo = 1234 || spam;
exports.foo = foo;",
  "map": Object {
    "mappings": "AAAA,MAAA,GAAG,GAAG,QAAN,IAAA;QAAA,G,GAAA,G",
    "names": Array [],
    "sources": Array [
      "/temp/src/foobar.fnk",
    ],
    "sourcesContent": Array [
      "foo = 1234 or spam",
    ],
    "version": 3,
  },
}
`;

exports[`process compiles fink with cov 1`] = `
Object {
  "code": "/* istanbul ignore next */
function cov_2ozalsxixv() {
  var path = \\"/temp/src/foobar.fnk\\";
  var hash = \\"506f7272183f6ec5aca58b5b5dfb89dafa2b8156\\";
  var global = new Function(\\"return this\\")();
  var gcv = \\"__coverage__\\";
  var coverageData = {
    path: \\"/temp/src/foobar.fnk\\",
    statementMap: {
      \\"0\\": {
        start: {
          line: 1,
          column: 12
        },
        end: {
          line: 1,
          column: 24
        }
      },
      \\"1\\": {
        start: {
          line: 2,
          column: 0
        },
        end: {
          line: 2,
          column: 18
        }
      }
    },
    fnMap: {},
    branchMap: {
      \\"0\\": {
        loc: {
          start: {
            line: 1,
            column: 12
          },
          end: {
            line: 1,
            column: 24
          }
        },
        type: \\"binary-expr\\",
        locations: [{
          start: {
            line: 1,
            column: 12
          },
          end: {
            line: 1,
            column: 16
          }
        }, {
          start: {
            line: 1,
            column: 20
          },
          end: {
            line: 1,
            column: 24
          }
        }],
        line: 1
      }
    },
    s: {
      \\"0\\": 0,
      \\"1\\": 0
    },
    f: {},
    b: {
      \\"0\\": [0, 0]
    },
    inputSourceMap: {
      version: 3,
      sources: [\\"/temp/src/foobar.fnk\\"],
      names: [],
      mappings: \\"AAAA,MAAA,GAAG,GAAG,QAAQ,IAAd;QAAA,G,GAAA,G\\",
      sourcesContent: [\\"foo = 1234 or spam\\"]
    },
    _coverageSchema: \\"1a1c01bbd47fc00a2c39e90264f33305004495a9\\",
    hash: \\"506f7272183f6ec5aca58b5b5dfb89dafa2b8156\\"
  };
  var coverage = global[gcv] || (global[gcv] = {});

  if (!coverage[path] || coverage[path].hash !== hash) {
    coverage[path] = coverageData;
  }

  var actualCoverage = coverage[path];
  {
    // @ts-ignore
    cov_2ozalsxixv = function () {
      return actualCoverage;
    };
  }
  return actualCoverage;
}

cov_2ozalsxixv();
const foo =
/* istanbul ignore next */
(cov_2ozalsxixv().s[0]++,
/* istanbul ignore next */
(cov_2ozalsxixv().b[0][0]++, 1234) ||
/* istanbul ignore next */
(cov_2ozalsxixv().b[0][1]++, spam));

/* istanbul ignore next */
cov_2ozalsxixv().s[1]++;
exports.foo = foo;",
  "map": Object {
    "mappings": ";;;;;;;;;;;;;;;;;;;;;;;;;;;;;;;;;;;;;;;;;;;;;;;;;;;;;;;;;;;;;;;;;;;;;;;;;;;;;;;;;;;;;;;;;;;;;;;;;;;;;AAAA,MAAA,GAAG;AAAA;AAAA;AAAG;AAAA;AAAA;AAAA,6BAAN,IAAM,CAAH,CAAH;;;;QAAA,G,GAAA,G",
    "names": Array [],
    "sources": Array [
      "/temp/src/foobar.fnk",
    ],
    "sourcesContent": Array [
      "foo = 1234 or spam",
    ],
    "version": 3,
  },
}
`;

exports[`process ignores transforming mock not imported 1`] = `
Object {
  "code": "const {
  mock
} = spam(\`ni\`);
mock(\`not a jest mock\`);",
  "map": Object {
    "mappings": "AAAA,MAAA;AAAC,EAAA;AAAD,IAAS,IAAI,CAAb,IAAa,CAAb;AAEA,IAAI,CAAJ,iBAAI,CAAJ",
    "names": Array [],
    "sources": Array [
      "/temp/src/foobar.fnk",
    ],
    "sourcesContent": Array [
      "{mock} = spam 'ni'

mock 'not a jest mock'
",
    ],
    "version": 3,
  },
}
`;

exports[`process ignores transforming mock not imported from @fink/jest 1`] = `
Object {
  "code": "const {
  mock,
  require_actual
} = require(\\"./foobar.fnk\\");

mock(\`not a jest mock\`);
require_actual(\`not a module\`);",
  "map": Object {
    "mappings": ";AAAC,EAAA,I;AAAM,EAAA;YAAyB,c;;AAEhC,IAAI,CAAJ,iBAAI,CAAJ;AACA,cAAc,CAAd,cAAc,CAAd",
    "names": Array [],
    "sources": Array [
      "/temp/src/foobar.fnk",
    ],
    "sourcesContent": Array [
      "{mock, require_actual} = import './foobar.fnk'

mock 'not a jest mock'
require_actual 'not a module'
",
    ],
    "version": 3,
  },
}
`;

exports[`process transforms mock imported from @fink/jest as jest.mock 1`] = `
Object {
  "code": "const {
  it,
  mock,
  mock_fn,
  require_actual
} = require(\\"@fink/jest/test.js\\");

/* istanbul ignore next */
jest.mock(\`./transform.fnk\`, () => ({
  foobar: mock_fn(),
  shrub:
  /* istanbul ignore next */
  jest.requireActual(\`./transform\`)
}));

const foo = mock => mock(\`not jest.mock\`);

exports.foo = foo;",
  "map": Object {
    "mappings": ";AAAC,EAAA,E;AAAI,EAAA,I;AAAM,EAAA,O;AAAS,EAAA;YAAyB,oB;;AAE7C;AAAA,UAAI,iBAAJ,EAAwB,OAAI;AAC1B,EAAA,MAAA,EAAQ,OADkB,EAAA;AAE1B,EAAA,KAAA;AAAO;AAAA,qBAAc,aAAd;AAFmB,CAAJ,CAAxB;;AAIA,MAAA,GAAG,GAAG,IAAA,IACJ,IAAI,CADN,eACM,CADN;;QAAA,G,GAAA,G",
    "names": Array [],
    "sources": Array [
      "/temp/src/foobar.fnk",
    ],
    "sourcesContent": Array [
      "{it, mock, mock_fn, require_actual} = import '@fink/jest/test.fnk'

mock './transform.fnk', fn: rec:
  foobar: mock_fn _
  shrub: require_actual './transform'

foo = fn mock:
  mock 'not jest.mock'
",
    ],
    "version": 3,
  },
}
`;
